// Jest Snapshot v1, https://goo.gl/fbAQLP

exports[`<Button /> should call function on button click 1`] = `
<div>
  <button
    class="button"
  >
    Load More Posts
  </button>
</div>
`;
