// Jest Snapshot v1, https://goo.gl/fbAQLP

exports[`<TextInput /> should match snapshop 1`] = `
<div>
  <input
    class="input"
    placeholder="type your search"
    type="search"
    value=""
  />
</div>
`;
